[2026-03-21T20:18:38.709] [ERROR] error - {
  msg: '查询天气出现异常错误',
  code: 400,
  validate: null,
  headers: { 'Access-Control-Allow-Origin': '*', vary: 'Origin' }
}
[2026-03-21T20:19:01.155] [ERROR] error - {
  msg: '查询天气出现异常错误',
  code: 400,
  validate: null,
  headers: { 'Access-Control-Allow-Origin': '*', vary: 'Origin' }
}
[2026-03-21T20:20:40.225] [ERROR] error - {
  msg: '查询天气出现异常错误',
  code: 400,
  validate: null,
  headers: { 'Access-Control-Allow-Origin': '*', vary: 'Origin' }
}
[2026-03-21T20:22:02.155] [ERROR] error - {
  msg: '查询天气出现异常错误',
  code: 400,
  validate: null,
  headers: { 'Access-Control-Allow-Origin': '*', vary: 'Origin' }
}
[2026-03-21T20:24:57.976] [ERROR] error - {
  msg: '查询天气出现异常错误',
  code: 400,
  validate: null,
  headers: { 'Access-Control-Allow-Origin': '*', vary: 'Origin' }
}
[2026-03-21T20:26:23.385] [ERROR] error - {
  msg: '查询天气出现异常错误',
  code: 400,
  validate: null,
  headers: { 'Access-Control-Allow-Origin': '*', vary: 'Origin' }
}
[2026-03-21T20:29:09.842] [ERROR] error - {
  msg: '查询天气出现异常错误',
  code: 400,
  validate: null,
  headers: { 'Access-Control-Allow-Origin': '*', vary: 'Origin' }
}
