[2025-10-24T11:28:48.542] [INFO] info - 输出日志：OPTIONS /searchGoods
[2025-10-24T11:28:48.548] [INFO] info - 输出日志：OPTIONS /chatMessage
[2025-10-24T11:28:49.727] [INFO] info - 输出日志：POST /searchGoods
[2025-10-24T11:28:50.128] [INFO] info - 输出日志：POST /chatMessage
[2025-10-24T11:36:39.906] [INFO] info - 输出日志：OPTIONS /searchGoods
[2025-10-24T11:36:39.911] [INFO] info - 输出日志：OPTIONS /chatMessage
[2025-10-24T11:36:41.390] [INFO] info - 输出日志：POST /searchGoods
[2025-10-24T11:36:42.155] [INFO] info - 输出日志：POST /chatMessage
[2025-10-24T11:36:48.512] [INFO] info - 输出日志：OPTIONS /searchGoods
[2025-10-24T11:36:48.515] [INFO] info - 输出日志：OPTIONS /chatMessage
[2025-10-24T11:36:49.012] [INFO] info - 输出日志：POST /searchGoods
[2025-10-24T11:36:50.570] [INFO] info - 输出日志：POST /chatMessage
[2025-10-24T11:36:54.050] [INFO] info - 输出日志：OPTIONS /searchGoods
[2025-10-24T11:36:54.053] [INFO] info - 输出日志：OPTIONS /chatMessage
[2025-10-24T11:36:54.685] [INFO] info - 输出日志：POST /searchGoods
[2025-10-24T11:36:56.891] [INFO] info - 输出日志：POST /chatMessage
[2025-10-24T11:37:04.178] [INFO] info - 输出日志：OPTIONS /searchGoods
[2025-10-24T11:37:04.179] [INFO] info - 输出日志：OPTIONS /chatMessage
[2025-10-24T11:37:04.942] [INFO] info - 输出日志：POST /searchGoods
[2025-10-24T11:37:05.747] [INFO] info - 输出日志：POST /chatMessage
[2025-10-24T11:37:09.755] [INFO] info - 输出日志：OPTIONS /searchGoods
[2025-10-24T11:37:09.756] [INFO] info - 输出日志：OPTIONS /chatMessage
[2025-10-24T11:37:10.221] [INFO] info - 输出日志：POST /searchGoods
[2025-10-24T11:37:11.737] [INFO] info - 输出日志：POST /chatMessage
[2025-10-24T11:38:16.646] [INFO] info - 输出日志：OPTIONS /chatMessage
[2025-10-24T11:38:16.647] [INFO] info - 输出日志：OPTIONS /searchGoods
[2025-10-24T11:38:17.254] [INFO] info - 输出日志：POST /searchGoods
[2025-10-24T11:38:20.000] [INFO] info - 输出日志：POST /chatMessage
[2025-10-24T11:38:21.482] [INFO] info - 输出日志：OPTIONS /searchGoods
[2025-10-24T11:38:21.484] [INFO] info - 输出日志：OPTIONS /chatMessage
[2025-10-24T11:38:22.242] [INFO] info - 输出日志：POST /searchGoods
[2025-10-24T11:38:25.480] [INFO] info - 输出日志：POST /chatMessage
[2025-10-24T11:38:28.325] [INFO] info - 输出日志：OPTIONS /searchGoods
[2025-10-24T11:38:28.326] [INFO] info - 输出日志：OPTIONS /chatMessage
[2025-10-24T11:38:28.762] [INFO] info - 输出日志：POST /searchGoods
[2025-10-24T11:38:29.357] [INFO] info - 输出日志：POST /chatMessage
[2025-10-24T11:38:29.673] [INFO] info - 输出日志：GET /queryWeather?city=%E5%B9%BF%E5%B7%9E%22
[2025-10-24T11:41:17.360] [INFO] info - 输出日志：POST /chatMessage
[2025-10-24T11:43:09.499] [INFO] info - 输出日志：POST /chatMessage
[2025-10-24T11:43:48.156] [INFO] info - 输出日志：POST /uploadFile
[2025-10-24T11:43:48.170] [INFO] info - 输出日志：GET /images/1761277428146.png
[2025-10-24T11:43:54.013] [INFO] info - 输出日志：POST /uploadFile
[2025-10-24T11:43:54.019] [INFO] info - 输出日志：GET /images/1761277433993.png
[2025-10-24T11:43:54.678] [INFO] info - 输出日志：GET /images/1761277433993.png
[2025-10-24T11:43:58.113] [INFO] info - 输出日志：GET /images/1761277433993.png
[2025-10-24T14:48:44.364] [INFO] info - 输出日志：OPTIONS /searchGoods
[2025-10-24T14:48:44.369] [INFO] info - 输出日志：OPTIONS /chatMessage
[2025-10-24T14:48:45.481] [INFO] info - 输出日志：POST /searchGoods
[2025-10-24T14:48:47.876] [INFO] info - 输出日志：POST /chatMessage
[2025-10-24T14:51:15.232] [INFO] info - 输出日志：OPTIONS /searchGoods
[2025-10-24T14:51:15.237] [INFO] info - 输出日志：OPTIONS /chatMessage
[2025-10-24T14:51:16.543] [INFO] info - 输出日志：POST /searchGoods
[2025-10-24T14:51:18.585] [INFO] info - 输出日志：POST /chatMessage
[2025-10-24T14:51:18.963] [INFO] info - 输出日志：OPTIONS /searchGoods
[2025-10-24T14:51:18.965] [INFO] info - 输出日志：OPTIONS /chatMessage
[2025-10-24T14:51:19.552] [INFO] info - 输出日志：POST /searchGoods
[2025-10-24T14:51:22.510] [INFO] info - 输出日志：POST /chatMessage
[2025-10-24T14:51:22.938] [INFO] info - 输出日志：OPTIONS /searchGoods
[2025-10-24T14:51:22.940] [INFO] info - 输出日志：OPTIONS /chatMessage
[2025-10-24T14:51:23.535] [INFO] info - 输出日志：POST /searchGoods
[2025-10-24T14:51:23.878] [INFO] info - 输出日志：POST /chatMessage
[2025-10-24T14:51:24.140] [INFO] info - 输出日志：GET /queryWeather?city=%E5%B9%BF%E5%B7%9E%22
[2025-10-24T14:51:32.634] [INFO] info - 输出日志：OPTIONS /searchGoods
[2025-10-24T14:51:32.635] [INFO] info - 输出日志：OPTIONS /chatMessage
[2025-10-24T14:51:33.633] [INFO] info - 输出日志：POST /searchGoods
[2025-10-24T14:51:37.375] [INFO] info - 输出日志：POST /chatMessage
[2025-10-24T14:51:41.545] [INFO] info - 输出日志：OPTIONS /searchGoods
[2025-10-24T14:51:41.546] [INFO] info - 输出日志：OPTIONS /chatMessage
[2025-10-24T14:51:42.388] [INFO] info - 输出日志：POST /searchGoods
[2025-10-24T14:51:43.542] [INFO] info - 输出日志：POST /chatMessage
[2025-10-24T14:51:54.012] [INFO] info - 输出日志：OPTIONS /searchGoods
[2025-10-24T14:51:54.013] [INFO] info - 输出日志：OPTIONS /chatMessage
[2025-10-24T14:51:54.519] [INFO] info - 输出日志：POST /searchGoods
[2025-10-24T14:51:55.854] [INFO] info - 输出日志：POST /chatMessage
[2025-10-24T14:51:55.857] [INFO] info - 输出日志：OPTIONS /queryTrainTicket
[2025-10-24T14:51:56.846] [INFO] info - 输出日志：POST /queryTrainTicket
[2025-10-24T14:52:09.959] [INFO] info - 输出日志：OPTIONS /searchGoods
[2025-10-24T14:52:09.970] [INFO] info - 输出日志：OPTIONS /chatMessage
[2025-10-24T14:52:10.703] [INFO] info - 输出日志：POST /searchGoods
[2025-10-24T14:52:14.646] [INFO] info - 输出日志：POST /chatMessage
[2025-10-24T14:52:19.640] [INFO] info - 输出日志：OPTIONS /searchGoods
[2025-10-24T14:52:19.648] [INFO] info - 输出日志：OPTIONS /chatMessage
[2025-10-24T14:52:20.231] [INFO] info - 输出日志：POST /searchGoods
[2025-10-24T14:52:21.293] [INFO] info - 输出日志：POST /chatMessage
[2025-10-24T14:52:21.533] [INFO] info - 输出日志：GET /queryWeather?city=%E5%B9%BF%E5%B7%9E%22
[2025-10-24T14:52:31.836] [INFO] info - 输出日志：OPTIONS /searchGoods
[2025-10-24T14:52:31.849] [INFO] info - 输出日志：OPTIONS /chatMessage
[2025-10-24T14:52:32.493] [INFO] info - 输出日志：POST /searchGoods
[2025-10-24T14:52:33.588] [INFO] info - 输出日志：POST /chatMessage
[2025-10-24T14:52:33.761] [INFO] info - 输出日志：GET /queryWeather?city=%E5%B9%BF%E5%B7%9E%22
[2025-10-24T15:10:24.378] [INFO] info - 输出日志：OPTIONS /searchGoods
[2025-10-24T15:10:24.451] [INFO] info - 输出日志：OPTIONS /chatMessage
[2025-10-24T15:10:25.590] [INFO] info - 输出日志：POST /searchGoods
[2025-10-24T15:10:27.158] [INFO] info - 输出日志：POST /chatMessage
[2025-10-24T15:10:57.879] [INFO] info - 输出日志：OPTIONS /searchGoods
[2025-10-24T15:10:57.905] [INFO] info - 输出日志：OPTIONS /chatMessage
[2025-10-24T15:10:58.857] [INFO] info - 输出日志：POST /searchGoods
[2025-10-24T15:11:00.289] [INFO] info - 输出日志：POST /chatMessage
[2025-10-24T15:11:00.829] [INFO] info - 输出日志：GET /queryWeather?city=%E5%B9%BF%E5%B7%9E%22
[2025-10-24T15:20:05.618] [INFO] info - 输出日志：OPTIONS /searchGoods
[2025-10-24T15:20:05.619] [INFO] info - 输出日志：OPTIONS /chatMessage
[2025-10-24T15:20:06.471] [INFO] info - 输出日志：POST /searchGoods
[2025-10-24T15:20:08.618] [INFO] info - 输出日志：POST /chatMessage
[2025-10-24T15:20:12.397] [INFO] info - 输出日志：OPTIONS /searchGoods
[2025-10-24T15:20:12.398] [INFO] info - 输出日志：OPTIONS /chatMessage
[2025-10-24T15:20:12.851] [INFO] info - 输出日志：POST /searchGoods
[2025-10-24T15:20:13.867] [INFO] info - 输出日志：POST /chatMessage
[2025-10-24T15:20:15.107] [INFO] info - 输出日志：GET /queryWeather?city=%E6%B7%B1%E5%9C%B3%22
[2025-10-24T15:21:18.998] [INFO] info - 输出日志：OPTIONS /searchGoods
[2025-10-24T15:21:18.999] [INFO] info - 输出日志：OPTIONS /chatMessage
[2025-10-24T15:21:19.779] [INFO] info - 输出日志：POST /searchGoods
[2025-10-24T15:21:22.591] [INFO] info - 输出日志：POST /chatMessage
[2025-10-24T15:21:26.378] [INFO] info - 输出日志：OPTIONS /searchGoods
[2025-10-24T15:21:26.379] [INFO] info - 输出日志：OPTIONS /chatMessage
[2025-10-24T15:21:26.781] [INFO] info - 输出日志：POST /searchGoods
[2025-10-24T15:21:27.274] [INFO] info - 输出日志：POST /chatMessage
[2025-10-24T15:21:27.455] [INFO] info - 输出日志：GET /queryWeather?city=%E5%B9%BF%E5%B7%9E%22
[2025-10-24T15:22:38.103] [INFO] info - 输出日志：OPTIONS /searchGoods
[2025-10-24T15:22:38.105] [INFO] info - 输出日志：OPTIONS /chatMessage
[2025-10-24T15:22:38.605] [INFO] info - 输出日志：POST /searchGoods
[2025-10-24T15:22:40.575] [INFO] info - 输出日志：POST /chatMessage
[2025-10-24T15:29:37.922] [INFO] info - 输出日志：OPTIONS /searchGoods
[2025-10-24T15:29:37.923] [INFO] info - 输出日志：OPTIONS /chatMessage
[2025-10-24T15:29:38.929] [INFO] info - 输出日志：POST /searchGoods
[2025-10-24T15:29:42.635] [INFO] info - 输出日志：POST /chatMessage
[2025-10-24T15:29:42.816] [INFO] info - 输出日志：GET /queryWeather?city=%E5%B9%BF%E5%B7%9E%22
[2025-10-24T15:30:29.740] [INFO] info - 输出日志：OPTIONS /searchGoods
[2025-10-24T15:30:29.741] [INFO] info - 输出日志：OPTIONS /chatMessage
[2025-10-24T15:30:30.726] [INFO] info - 输出日志：POST /searchGoods
[2025-10-24T15:30:33.657] [INFO] info - 输出日志：POST /chatMessage
[2025-10-24T15:30:33.662] [INFO] info - 输出日志：OPTIONS /queryTrainTicket
[2025-10-24T15:30:34.530] [INFO] info - 输出日志：POST /queryTrainTicket
[2025-10-24T15:38:46.145] [INFO] info - 输出日志：OPTIONS /searchGoods
[2025-10-24T15:38:46.146] [INFO] info - 输出日志：OPTIONS /chatMessage
[2025-10-24T15:38:46.636] [INFO] info - 输出日志：POST /searchGoods
[2025-10-24T15:38:48.342] [INFO] info - 输出日志：POST /chatMessage
[2025-10-24T15:38:48.347] [INFO] info - 输出日志：OPTIONS /queryTrainTicket
[2025-10-24T15:38:48.833] [INFO] info - 输出日志：POST /queryTrainTicket
[2025-10-24T15:42:25.970] [INFO] info - 输出日志：OPTIONS /searchGoods
[2025-10-24T15:42:25.971] [INFO] info - 输出日志：OPTIONS /chatMessage
[2025-10-24T15:42:26.519] [INFO] info - 输出日志：POST /searchGoods
[2025-10-24T15:42:35.750] [INFO] info - 输出日志：OPTIONS /searchGoods
[2025-10-24T15:42:35.751] [INFO] info - 输出日志：OPTIONS /chatMessage
[2025-10-24T15:42:36.557] [INFO] info - 输出日志：POST /searchGoods
[2025-10-24T15:43:37.989] [INFO] info - 输出日志：OPTIONS /searchGoods
[2025-10-24T15:43:37.990] [INFO] info - 输出日志：OPTIONS /chatMessage
[2025-10-24T15:43:38.683] [INFO] info - 输出日志：POST /searchGoods
[2025-10-24T15:43:40.688] [INFO] info - 输出日志：POST /chatMessage
[2025-10-24T15:43:53.606] [INFO] info - 输出日志：OPTIONS /searchGoods
[2025-10-24T15:43:53.607] [INFO] info - 输出日志：OPTIONS /chatMessage
[2025-10-24T15:43:54.032] [INFO] info - 输出日志：POST /searchGoods
[2025-10-24T15:43:55.174] [INFO] info - 输出日志：POST /chatMessage
[2025-10-24T15:43:55.178] [INFO] info - 输出日志：OPTIONS /queryTrainTicket
[2025-10-24T15:43:55.937] [INFO] info - 输出日志：POST /queryTrainTicket
[2025-10-24T15:49:37.544] [INFO] info - 输出日志：OPTIONS /searchGoods
[2025-10-24T15:49:37.545] [INFO] info - 输出日志：OPTIONS /chatMessage
[2025-10-24T15:49:37.989] [INFO] info - 输出日志：POST /searchGoods
[2025-10-24T15:49:39.166] [INFO] info - 输出日志：POST /chatMessage
[2025-10-24T15:49:42.559] [INFO] info - 输出日志：OPTIONS /searchGoods
[2025-10-24T15:49:42.560] [INFO] info - 输出日志：OPTIONS /chatMessage
[2025-10-24T15:49:43.016] [INFO] info - 输出日志：POST /searchGoods
[2025-10-24T15:49:44.327] [INFO] info - 输出日志：POST /chatMessage
[2025-10-24T15:49:44.547] [INFO] info - 输出日志：GET /queryWeather?city=%E5%B9%BF%E5%B7%9E%22
[2025-10-24T15:52:06.302] [INFO] info - 输出日志：OPTIONS /searchGoods
[2025-10-24T15:52:06.303] [INFO] info - 输出日志：OPTIONS /chatMessage
[2025-10-24T15:52:06.905] [INFO] info - 输出日志：POST /searchGoods
[2025-10-24T15:52:11.684] [INFO] info - 输出日志：POST /chatMessage
[2025-10-24T15:52:27.714] [INFO] info - 输出日志：OPTIONS /searchGoods
[2025-10-24T15:52:27.715] [INFO] info - 输出日志：OPTIONS /chatMessage
[2025-10-24T15:52:28.185] [INFO] info - 输出日志：POST /searchGoods
[2025-10-24T15:52:29.267] [INFO] info - 输出日志：POST /chatMessage
[2025-10-24T15:52:29.270] [INFO] info - 输出日志：OPTIONS /queryTrainTicket
[2025-10-24T15:52:29.818] [INFO] info - 输出日志：POST /queryTrainTicket
[2025-10-24T15:54:03.793] [INFO] info - 输出日志：OPTIONS /searchGoods
[2025-10-24T15:54:03.795] [INFO] info - 输出日志：OPTIONS /chatMessage
[2025-10-24T15:54:04.449] [INFO] info - 输出日志：POST /searchGoods
[2025-10-24T15:54:06.548] [INFO] info - 输出日志：POST /chatMessage
[2025-10-24T15:54:06.550] [INFO] info - 输出日志：OPTIONS /queryTrainTicket
[2025-10-24T15:54:07.176] [INFO] info - 输出日志：POST /queryTrainTicket
[2025-10-24T16:01:21.083] [INFO] info - 输出日志：OPTIONS /searchGoods
[2025-10-24T16:01:21.085] [INFO] info - 输出日志：OPTIONS /chatMessage
[2025-10-24T16:01:22.337] [INFO] info - 输出日志：POST /searchGoods
[2025-10-24T16:01:22.607] [INFO] info - 输出日志：POST /chatMessage
[2025-10-24T16:01:22.609] [INFO] info - 输出日志：OPTIONS /queryTrainTicket
[2025-10-24T16:01:23.471] [INFO] info - 输出日志：POST /queryTrainTicket
[2025-10-24T16:04:22.195] [INFO] info - 输出日志：OPTIONS /searchGoods
[2025-10-24T16:04:22.196] [INFO] info - 输出日志：OPTIONS /chatMessage
[2025-10-24T16:04:22.672] [INFO] info - 输出日志：POST /searchGoods
[2025-10-24T16:04:24.214] [INFO] info - 输出日志：POST /chatMessage
[2025-10-24T16:04:26.030] [INFO] info - 输出日志：OPTIONS /searchGoods
[2025-10-24T16:04:26.031] [INFO] info - 输出日志：OPTIONS /chatMessage
[2025-10-24T16:04:26.446] [INFO] info - 输出日志：POST /searchGoods
[2025-10-24T16:04:26.923] [INFO] info - 输出日志：POST /chatMessage
[2025-10-24T16:04:27.156] [INFO] info - 输出日志：GET /queryWeather?city=%E5%B9%BF%E5%B7%9E%22
[2025-10-24T16:05:40.676] [INFO] info - 输出日志：OPTIONS /searchGoods
[2025-10-24T16:05:40.677] [INFO] info - 输出日志：OPTIONS /chatMessage
[2025-10-24T16:05:41.230] [INFO] info - 输出日志：POST /searchGoods
[2025-10-24T16:05:43.412] [INFO] info - 输出日志：POST /chatMessage
[2025-10-24T16:05:43.416] [INFO] info - 输出日志：OPTIONS /queryTrainTicket
[2025-10-24T16:05:43.795] [INFO] info - 输出日志：POST /queryTrainTicket
[2025-10-24T16:15:25.289] [INFO] info - 输出日志：POST /uploadFile
[2025-10-24T16:15:25.303] [INFO] info - 输出日志：GET /images/1761293725268.png
[2025-10-24T16:49:46.980] [INFO] info - 输出日志：OPTIONS /searchGoods
[2025-10-24T16:49:46.993] [INFO] info - 输出日志：OPTIONS /chatMessage
[2025-10-24T16:49:47.591] [INFO] info - 输出日志：POST /searchGoods
[2025-10-24T16:49:48.711] [INFO] info - 输出日志：POST /chatMessage
[2025-10-24T16:49:56.668] [INFO] info - 输出日志：OPTIONS /searchGoods
[2025-10-24T16:49:56.669] [INFO] info - 输出日志：OPTIONS /chatMessage
[2025-10-24T16:49:57.211] [INFO] info - 输出日志：POST /searchGoods
[2025-10-24T16:49:58.434] [INFO] info - 输出日志：POST /chatMessage
[2025-10-24T16:50:10.884] [INFO] info - 输出日志：OPTIONS /searchGoods
[2025-10-24T16:50:10.886] [INFO] info - 输出日志：OPTIONS /chatMessage
[2025-10-24T16:50:11.518] [INFO] info - 输出日志：POST /searchGoods
[2025-10-24T16:50:12.553] [INFO] info - 输出日志：POST /chatMessage
[2025-10-24T16:53:12.280] [INFO] info - 输出日志：OPTIONS /searchGoods
[2025-10-24T16:53:12.281] [INFO] info - 输出日志：OPTIONS /chatMessage
[2025-10-24T16:53:12.753] [INFO] info - 输出日志：POST /searchGoods
[2025-10-24T16:53:14.012] [INFO] info - 输出日志：POST /chatMessage
[2025-10-24T16:53:17.862] [INFO] info - 输出日志：OPTIONS /searchGoods
[2025-10-24T16:53:17.863] [INFO] info - 输出日志：OPTIONS /chatMessage
[2025-10-24T16:53:18.353] [INFO] info - 输出日志：POST /searchGoods
[2025-10-24T16:53:20.697] [INFO] info - 输出日志：POST /chatMessage
[2025-10-24T16:53:23.824] [INFO] info - 输出日志：OPTIONS /searchGoods
[2025-10-24T16:53:23.825] [INFO] info - 输出日志：OPTIONS /chatMessage
[2025-10-24T16:53:24.346] [INFO] info - 输出日志：POST /searchGoods
[2025-10-24T16:53:26.517] [INFO] info - 输出日志：POST /chatMessage
[2025-10-24T16:53:33.410] [INFO] info - 输出日志：OPTIONS /searchGoods
[2025-10-24T16:53:33.411] [INFO] info - 输出日志：OPTIONS /chatMessage
[2025-10-24T16:53:33.966] [INFO] info - 输出日志：POST /searchGoods
[2025-10-24T16:53:35.121] [INFO] info - 输出日志：POST /chatMessage
[2025-10-24T16:53:38.043] [INFO] info - 输出日志：OPTIONS /searchGoods
[2025-10-24T16:53:38.044] [INFO] info - 输出日志：OPTIONS /chatMessage
[2025-10-24T16:53:38.498] [INFO] info - 输出日志：POST /searchGoods
[2025-10-24T16:53:41.468] [INFO] info - 输出日志：POST /chatMessage
[2025-10-24T17:22:27.187] [INFO] info - 输出日志：OPTIONS /searchGoods
[2025-10-24T17:22:27.191] [INFO] info - 输出日志：OPTIONS /chatMessage
[2025-10-24T17:22:27.745] [INFO] info - 输出日志：POST /searchGoods
[2025-10-24T17:22:32.739] [INFO] info - 输出日志：OPTIONS /searchGoods
[2025-10-24T17:22:32.740] [INFO] info - 输出日志：OPTIONS /chatMessage
[2025-10-24T17:22:33.322] [INFO] info - 输出日志：POST /searchGoods
[2025-10-24T17:22:37.448] [INFO] info - 输出日志：OPTIONS /searchGoods
[2025-10-24T17:22:37.452] [INFO] info - 输出日志：OPTIONS /chatMessage
[2025-10-24T17:22:38.168] [INFO] info - 输出日志：POST /searchGoods
[2025-10-24T17:22:41.163] [INFO] info - 输出日志：OPTIONS /searchGoods
[2025-10-24T17:22:41.164] [INFO] info - 输出日志：OPTIONS /chatMessage
[2025-10-24T17:22:42.204] [INFO] info - 输出日志：POST /searchGoods
[2025-10-24T17:22:43.750] [INFO] info - 输出日志：POST /chatMessage
[2025-10-24T17:22:51.238] [INFO] info - 输出日志：POST /chatMessage
[2025-10-24T17:23:04.311] [INFO] info - 输出日志：POST /chatMessage
[2025-10-24T17:23:04.774] [INFO] info - 输出日志：POST /chatMessage
[2025-10-24T17:25:03.619] [INFO] info - 输出日志：OPTIONS /searchGoods
[2025-10-24T17:25:03.626] [INFO] info - 输出日志：OPTIONS /chatMessage
[2025-10-24T17:25:04.766] [INFO] info - 输出日志：POST /searchGoods
[2025-10-24T17:25:06.177] [INFO] info - 输出日志：POST /chatMessage
[2025-10-24T17:25:25.233] [INFO] info - 输出日志：OPTIONS /searchGoods
[2025-10-24T17:25:25.235] [INFO] info - 输出日志：OPTIONS /chatMessage
[2025-10-24T17:25:25.931] [INFO] info - 输出日志：POST /searchGoods
[2025-10-24T17:25:38.245] [INFO] info - 输出日志：POST /chatMessage
[2025-10-24T17:25:41.251] [INFO] info - 输出日志：OPTIONS /searchGoods
[2025-10-24T17:25:41.253] [INFO] info - 输出日志：OPTIONS /chatMessage
[2025-10-24T17:25:41.666] [INFO] info - 输出日志：POST /searchGoods
[2025-10-24T17:25:44.762] [INFO] info - 输出日志：POST /chatMessage
[2025-10-24T17:26:03.597] [INFO] info - 输出日志：OPTIONS /searchGoods
[2025-10-24T17:26:03.598] [INFO] info - 输出日志：OPTIONS /chatMessage
[2025-10-24T17:26:04.013] [INFO] info - 输出日志：POST /searchGoods
[2025-10-24T17:26:06.414] [INFO] info - 输出日志：POST /chatMessage
[2025-10-24T17:26:28.665] [INFO] info - 输出日志：OPTIONS /searchGoods
[2025-10-24T17:26:28.667] [INFO] info - 输出日志：OPTIONS /chatMessage
[2025-10-24T17:26:29.251] [INFO] info - 输出日志：POST /searchGoods
[2025-10-24T17:26:30.338] [INFO] info - 输出日志：POST /chatMessage
[2025-10-24T17:40:04.545] [INFO] info - 输出日志：OPTIONS /searchGoods
[2025-10-24T17:40:04.580] [INFO] info - 输出日志：OPTIONS /chatMessage
[2025-10-24T17:40:05.202] [INFO] info - 输出日志：POST /searchGoods
[2025-10-24T17:40:06.777] [INFO] info - 输出日志：POST /chatMessage
[2025-10-24T17:40:14.803] [INFO] info - 输出日志：OPTIONS /searchGoods
[2025-10-24T17:40:14.804] [INFO] info - 输出日志：OPTIONS /chatMessage
[2025-10-24T17:40:15.386] [INFO] info - 输出日志：POST /searchGoods
[2025-10-24T17:40:15.956] [INFO] info - 输出日志：POST /chatMessage
[2025-10-24T17:40:22.361] [INFO] info - 输出日志：OPTIONS /searchGoods
[2025-10-24T17:40:22.362] [INFO] info - 输出日志：OPTIONS /chatMessage
[2025-10-24T17:40:22.857] [INFO] info - 输出日志：POST /searchGoods
[2025-10-24T17:40:24.628] [INFO] info - 输出日志：POST /chatMessage
[2025-10-24T17:41:40.607] [INFO] info - 输出日志：POST /uploadFile
[2025-10-24T17:41:40.626] [INFO] info - 输出日志：GET /images/1761298900593.png
[2025-10-24T17:42:15.357] [INFO] info - 输出日志：OPTIONS /searchGoods
[2025-10-24T17:42:15.359] [INFO] info - 输出日志：OPTIONS /chatMessage
[2025-10-24T17:42:15.368] [INFO] info - 输出日志：GET /images/1761298900593.png
[2025-10-24T17:42:15.941] [INFO] info - 输出日志：POST /searchGoods
[2025-10-24T17:42:27.259] [INFO] info - 输出日志：POST /uploadFile
[2025-10-24T17:42:27.275] [INFO] info - 输出日志：GET /images/1761298947239.png
[2025-10-24T17:43:27.528] [INFO] info - 输出日志：POST /uploadFile
[2025-10-24T17:43:27.536] [INFO] info - 输出日志：GET /images/1761299007519.png
[2025-10-24T17:43:28.497] [INFO] info - 输出日志：OPTIONS /searchGoods
[2025-10-24T17:43:28.498] [INFO] info - 输出日志：OPTIONS /chatMessage
[2025-10-24T17:43:28.506] [INFO] info - 输出日志：GET /images/1761299007519.png
[2025-10-24T17:54:17.306] [INFO] info - 输出日志：POST /uploadFile
[2025-10-24T17:55:02.568] [INFO] info - 输出日志：POST /uploadFile
[2025-10-24T17:55:02.582] [INFO] info - 输出日志：GET /images/1761299702553.jpg
[2025-10-24T17:56:35.418] [INFO] info - 输出日志：POST /uploadFile
[2025-10-24T17:56:35.436] [INFO] info - 输出日志：GET /images/1761299795410.jpg
[2025-10-24T19:22:02.428] [INFO] info - 输出日志：OPTIONS /searchGoods
[2025-10-24T19:22:02.611] [INFO] info - 输出日志：OPTIONS /chatMessage
[2025-10-24T19:22:03.888] [INFO] info - 输出日志：POST /searchGoods
[2025-10-24T19:22:06.877] [INFO] info - 输出日志：POST /chatMessage
[2025-10-24T19:22:10.877] [INFO] info - 输出日志：POST /uploadFile
[2025-10-24T19:22:10.891] [INFO] info - 输出日志：GET /images/1761304930856.png
[2025-10-24T19:22:16.512] [INFO] info - 输出日志：OPTIONS /searchGoods
[2025-10-24T19:22:16.514] [INFO] info - 输出日志：OPTIONS /chatMessage
[2025-10-24T19:22:16.517] [INFO] info - 输出日志：GET /images/1761304930856.png
[2025-10-24T19:22:16.965] [INFO] info - 输出日志：POST /searchGoods
[2025-10-24T19:25:41.785] [INFO] info - 输出日志：GET /images/1761304930856.png
[2025-10-24T19:50:23.518] [INFO] info - 输出日志：OPTIONS /searchGoods
[2025-10-24T19:50:23.520] [INFO] info - 输出日志：OPTIONS /chatMessage
[2025-10-24T19:50:24.212] [INFO] info - 输出日志：POST /searchGoods
[2025-10-24T19:50:25.319] [INFO] info - 输出日志：POST /chatMessage
[2025-10-24T19:50:31.685] [INFO] info - 输出日志：OPTIONS /searchGoods
[2025-10-24T19:50:31.686] [INFO] info - 输出日志：OPTIONS /chatMessage
[2025-10-24T19:50:32.197] [INFO] info - 输出日志：POST /searchGoods
[2025-10-24T19:50:34.190] [INFO] info - 输出日志：POST /chatMessage
[2025-10-24T19:50:36.656] [INFO] info - 输出日志：OPTIONS /searchGoods
[2025-10-24T19:50:36.657] [INFO] info - 输出日志：OPTIONS /chatMessage
[2025-10-24T19:50:37.071] [INFO] info - 输出日志：POST /searchGoods
[2025-10-24T19:50:39.122] [INFO] info - 输出日志：POST /chatMessage
[2025-10-24T19:50:41.023] [INFO] info - 输出日志：OPTIONS /searchGoods
[2025-10-24T19:50:41.024] [INFO] info - 输出日志：OPTIONS /chatMessage
[2025-10-24T19:50:41.592] [INFO] info - 输出日志：POST /searchGoods
[2025-10-24T19:50:43.550] [INFO] info - 输出日志：POST /chatMessage
[2025-10-24T19:50:47.006] [INFO] info - 输出日志：OPTIONS /searchGoods
[2025-10-24T19:50:47.007] [INFO] info - 输出日志：OPTIONS /chatMessage
[2025-10-24T19:50:47.443] [INFO] info - 输出日志：POST /searchGoods
[2025-10-24T19:50:50.501] [INFO] info - 输出日志：POST /chatMessage
[2025-10-24T19:51:01.183] [INFO] info - 输出日志：OPTIONS /searchGoods
[2025-10-24T19:51:01.185] [INFO] info - 输出日志：OPTIONS /chatMessage
[2025-10-24T19:51:01.643] [INFO] info - 输出日志：POST /searchGoods
[2025-10-24T19:51:03.671] [INFO] info - 输出日志：POST /chatMessage
[2025-10-24T19:51:07.684] [INFO] info - 输出日志：OPTIONS /searchGoods
[2025-10-24T19:51:07.685] [INFO] info - 输出日志：OPTIONS /chatMessage
[2025-10-24T19:51:08.173] [INFO] info - 输出日志：POST /searchGoods
[2025-10-24T19:51:09.636] [INFO] info - 输出日志：POST /chatMessage
[2025-10-24T22:32:37.061] [INFO] info - 输出日志：OPTIONS /searchGoods
[2025-10-24T22:32:37.112] [INFO] info - 输出日志：OPTIONS /chatMessage
[2025-10-24T22:32:38.351] [INFO] info - 输出日志：POST /searchGoods
[2025-10-24T22:32:41.377] [INFO] info - 输出日志：POST /chatMessage
[2025-10-24T22:32:56.021] [INFO] info - 输出日志：OPTIONS /searchGoods
[2025-10-24T22:32:56.023] [INFO] info - 输出日志：OPTIONS /chatMessage
[2025-10-24T22:32:56.524] [INFO] info - 输出日志：POST /searchGoods
[2025-10-24T22:33:00.458] [INFO] info - 输出日志：POST /chatMessage
[2025-10-24T22:36:05.072] [INFO] info - 输出日志：OPTIONS /searchGoods
[2025-10-24T22:36:05.074] [INFO] info - 输出日志：OPTIONS /chatMessage
[2025-10-24T22:36:05.603] [INFO] info - 输出日志：POST /searchGoods
[2025-10-24T22:36:06.580] [INFO] info - 输出日志：POST /chatMessage
[2025-10-24T22:37:40.331] [INFO] info - 输出日志：POST /uploadFile
[2025-10-24T22:37:40.344] [INFO] info - 输出日志：GET /images/1761316660314.png
[2025-10-24T22:37:40.379] [INFO] info - 输出日志：GET /images/1761316660314.png
[2025-10-24T22:37:46.138] [INFO] info - 输出日志：OPTIONS /searchGoods
[2025-10-24T22:37:46.140] [INFO] info - 输出日志：OPTIONS /chatMessage
[2025-10-24T22:37:46.146] [INFO] info - 输出日志：GET /images/1761316660314.png
[2025-10-24T22:37:49.523] [INFO] info - 输出日志：POST /searchGoods
[2025-10-24T22:38:24.686] [INFO] info - 输出日志：OPTIONS /searchGoods
[2025-10-24T22:38:24.687] [INFO] info - 输出日志：OPTIONS /chatMessage
[2025-10-24T22:38:25.081] [INFO] info - 输出日志：POST /searchGoods
[2025-10-24T22:38:29.199] [INFO] info - 输出日志：POST /chatMessage
[2025-10-24T22:55:42.803] [INFO] info - 输出日志：POST /uploadFile
[2025-10-24T22:55:42.825] [INFO] info - 输出日志：GET /images/1761317742781.png
[2025-10-24T22:55:46.218] [INFO] info - 输出日志：OPTIONS /searchGoods
[2025-10-24T22:55:46.219] [INFO] info - 输出日志：OPTIONS /chatMessage
[2025-10-24T22:55:46.228] [INFO] info - 输出日志：GET /images/1761317742781.png
[2025-10-24T22:55:47.842] [INFO] info - 输出日志：POST /searchGoods
[2025-10-24T23:23:26.768] [INFO] info - 输出日志：OPTIONS /searchGoods
[2025-10-24T23:23:26.785] [INFO] info - 输出日志：OPTIONS /chatMessage
[2025-10-24T23:23:27.260] [INFO] info - 输出日志：POST /searchGoods
[2025-10-24T23:23:29.636] [INFO] info - 输出日志：POST /chatMessage
[2025-10-24T23:24:31.160] [INFO] info - 输出日志：OPTIONS /searchGoods
[2025-10-24T23:24:31.162] [INFO] info - 输出日志：OPTIONS /chatMessage
[2025-10-24T23:24:31.951] [INFO] info - 输出日志：POST /searchGoods
[2025-10-24T23:24:33.670] [INFO] info - 输出日志：POST /chatMessage
[2025-10-24T23:24:58.540] [INFO] info - 输出日志：OPTIONS /searchGoods
[2025-10-24T23:24:58.541] [INFO] info - 输出日志：OPTIONS /chatMessage
[2025-10-24T23:24:59.013] [INFO] info - 输出日志：POST /searchGoods
[2025-10-24T23:25:00.720] [INFO] info - 输出日志：POST /chatMessage
[2025-10-24T23:25:03.331] [INFO] info - 输出日志：OPTIONS /searchGoods
[2025-10-24T23:25:03.332] [INFO] info - 输出日志：OPTIONS /chatMessage
[2025-10-24T23:25:03.713] [INFO] info - 输出日志：POST /searchGoods
[2025-10-24T23:25:06.960] [INFO] info - 输出日志：POST /chatMessage
[2025-10-24T23:55:09.201] [INFO] info - 输出日志：OPTIONS /searchGoods
[2025-10-24T23:55:09.222] [INFO] info - 输出日志：OPTIONS /chatMessage
[2025-10-24T23:55:10.115] [INFO] info - 输出日志：POST /searchGoods
[2025-10-24T23:55:23.083] [INFO] info - 输出日志：POST /chatMessage
[2025-10-24T23:55:40.100] [INFO] info - 输出日志：OPTIONS /searchGoods
[2025-10-24T23:55:40.102] [INFO] info - 输出日志：OPTIONS /chatMessage
[2025-10-24T23:55:40.693] [INFO] info - 输出日志：POST /searchGoods
[2025-10-24T23:55:55.149] [INFO] info - 输出日志：POST /chatMessage
[2025-10-25T13:34:58.765] [INFO] info - 输出日志：OPTIONS /chatMessage
[2025-10-25T13:35:01.303] [INFO] info - 输出日志：OPTIONS /chatMessage
[2025-10-25T13:36:26.126] [INFO] info - 输出日志：OPTIONS /chatMessage
[2025-10-25T13:40:52.217] [INFO] info - 输出日志：OPTIONS /chatMessage
[2025-10-25T13:41:41.653] [INFO] info - 输出日志：OPTIONS /chatMessage
[2025-10-25T13:41:44.460] [INFO] info - 输出日志：POST /chatMessage
[2025-10-25T13:49:41.172] [INFO] info - 输出日志：OPTIONS /chatMessage
[2025-10-25T13:54:45.121] [INFO] info - 输出日志：OPTIONS /chatMessage
[2025-10-25T13:55:02.135] [INFO] info - 输出日志：OPTIONS /chatMessage
[2025-10-25T13:55:12.729] [INFO] info - 输出日志：OPTIONS /chatMessage
[2025-10-25T13:55:16.037] [INFO] info - 输出日志：OPTIONS /chatMessage
[2025-10-25T13:55:17.686] [INFO] info - 输出日志：OPTIONS /chatMessage
[2025-10-27T09:07:24.497] [INFO] info - 输出日志：GET /chatMessage2
[2025-10-27T09:45:54.446] [INFO] info - 输出日志：GET /chatMessage2
[2025-10-27T09:46:01.787] [INFO] info - 输出日志：POST /chatMessage2
[2025-10-27T09:46:16.981] [INFO] info - 输出日志：GET /chatMessage2
[2025-10-28T21:17:35.019] [INFO] info - 输出日志：OPTIONS /searchGoods
[2025-10-28T21:17:35.544] [INFO] info - 输出日志：OPTIONS /chatMessage
[2025-10-28T21:17:36.066] [INFO] info - 输出日志：POST /searchGoods
[2025-10-28T21:17:38.749] [INFO] info - 输出日志：POST /chatMessage
[2025-10-28T21:17:43.434] [INFO] info - 输出日志：OPTIONS /searchGoods
[2025-10-28T21:17:43.435] [INFO] info - 输出日志：OPTIONS /chatMessage
[2025-10-28T21:17:44.033] [INFO] info - 输出日志：POST /searchGoods
[2025-10-28T21:17:47.103] [INFO] info - 输出日志：POST /chatMessage
[2025-10-28T21:18:56.842] [INFO] info - 输出日志：OPTIONS /searchGoods
[2025-10-28T21:18:56.844] [INFO] info - 输出日志：OPTIONS /chatMessage
[2025-10-28T21:18:57.256] [INFO] info - 输出日志：POST /searchGoods
[2025-10-28T21:18:58.816] [INFO] info - 输出日志：POST /chatMessage
[2025-10-28T21:19:02.926] [INFO] info - 输出日志：OPTIONS /searchGoods
[2025-10-28T21:19:02.927] [INFO] info - 输出日志：OPTIONS /chatMessage
[2025-10-28T21:19:03.737] [INFO] info - 输出日志：POST /searchGoods
[2025-10-28T21:19:03.986] [INFO] info - 输出日志：POST /chatMessage
[2025-10-28T21:19:08.688] [INFO] info - 输出日志：OPTIONS /searchGoods
[2025-10-28T21:19:08.689] [INFO] info - 输出日志：OPTIONS /chatMessage
[2025-10-28T21:19:09.140] [INFO] info - 输出日志：POST /searchGoods
[2025-10-28T21:19:10.327] [INFO] info - 输出日志：POST /chatMessage
[2025-10-28T21:23:41.210] [INFO] info - 输出日志：OPTIONS /searchGoods
[2025-10-28T21:23:41.212] [INFO] info - 输出日志：OPTIONS /chatMessage
[2025-10-28T21:23:41.813] [INFO] info - 输出日志：POST /searchGoods
[2025-10-28T21:23:44.893] [INFO] info - 输出日志：POST /chatMessage
[2025-10-28T21:24:01.123] [INFO] info - 输出日志：OPTIONS /searchGoods
[2025-10-28T21:24:01.124] [INFO] info - 输出日志：OPTIONS /chatMessage
[2025-10-28T21:24:01.890] [INFO] info - 输出日志：POST /searchGoods
[2025-10-28T21:24:03.647] [INFO] info - 输出日志：POST /chatMessage
[2025-10-28T21:24:08.071] [INFO] info - 输出日志：OPTIONS /searchGoods
[2025-10-28T21:24:08.073] [INFO] info - 输出日志：OPTIONS /chatMessage
[2025-10-28T21:24:08.545] [INFO] info - 输出日志：POST /searchGoods
[2025-10-28T21:24:09.417] [INFO] info - 输出日志：POST /chatMessage
[2025-10-28T21:25:40.718] [INFO] info - 输出日志：OPTIONS /searchGoods
[2025-10-28T21:25:40.719] [INFO] info - 输出日志：OPTIONS /chatMessage
[2025-10-28T21:25:41.239] [INFO] info - 输出日志：POST /searchGoods
[2025-10-28T21:25:43.981] [INFO] info - 输出日志：POST /chatMessage
[2025-10-28T21:25:57.647] [INFO] info - 输出日志：OPTIONS /searchGoods
[2025-10-28T21:25:57.648] [INFO] info - 输出日志：OPTIONS /chatMessage
[2025-10-28T21:25:58.175] [INFO] info - 输出日志：POST /searchGoods
[2025-10-28T21:26:02.744] [INFO] info - 输出日志：POST /chatMessage
[2025-10-28T21:27:53.639] [INFO] info - 输出日志：OPTIONS /searchGoods
[2025-10-28T21:27:53.641] [INFO] info - 输出日志：OPTIONS /chatMessage
[2025-10-28T21:27:54.294] [INFO] info - 输出日志：POST /searchGoods
[2025-10-28T21:27:59.045] [INFO] info - 输出日志：POST /chatMessage
[2025-10-28T21:28:30.195] [INFO] info - 输出日志：OPTIONS /searchGoods
[2025-10-28T21:28:30.196] [INFO] info - 输出日志：OPTIONS /chatMessage
[2025-10-28T21:28:30.755] [INFO] info - 输出日志：POST /searchGoods
[2025-10-28T21:28:36.991] [INFO] info - 输出日志：POST /chatMessage
[2025-10-28T21:29:22.354] [INFO] info - 输出日志：OPTIONS /searchGoods
[2025-10-28T21:29:22.355] [INFO] info - 输出日志：OPTIONS /chatMessage
[2025-10-28T21:29:22.872] [INFO] info - 输出日志：POST /searchGoods
[2025-10-28T21:29:26.887] [INFO] info - 输出日志：POST /chatMessage
[2025-10-28T21:29:46.074] [INFO] info - 输出日志：OPTIONS /searchGoods
[2025-10-28T21:29:46.076] [INFO] info - 输出日志：OPTIONS /chatMessage
[2025-10-28T21:29:46.542] [INFO] info - 输出日志：POST /searchGoods
[2025-10-28T21:29:49.430] [INFO] info - 输出日志：POST /chatMessage
[2025-10-28T21:30:21.414] [INFO] info - 输出日志：OPTIONS /searchGoods
[2025-10-28T21:30:21.416] [INFO] info - 输出日志：OPTIONS /chatMessage
[2025-10-28T21:30:22.062] [INFO] info - 输出日志：POST /searchGoods
[2025-10-28T21:30:23.992] [INFO] info - 输出日志：POST /chatMessage
[2025-10-28T21:30:38.245] [INFO] info - 输出日志：OPTIONS /searchGoods
[2025-10-28T21:30:38.246] [INFO] info - 输出日志：OPTIONS /chatMessage
[2025-10-28T21:30:38.877] [INFO] info - 输出日志：POST /searchGoods
[2025-10-28T21:31:00.812] [INFO] info - 输出日志：POST /chatMessage
[2025-10-28T21:31:20.429] [INFO] info - 输出日志：OPTIONS /searchGoods
[2025-10-28T21:31:20.430] [INFO] info - 输出日志：OPTIONS /chatMessage
[2025-10-28T21:31:20.859] [INFO] info - 输出日志：POST /searchGoods
[2025-10-28T21:31:24.346] [INFO] info - 输出日志：POST /chatMessage
[2025-10-28T21:31:33.594] [INFO] info - 输出日志：OPTIONS /searchGoods
[2025-10-28T21:31:33.596] [INFO] info - 输出日志：OPTIONS /chatMessage
[2025-10-28T21:31:34.225] [INFO] info - 输出日志：POST /searchGoods
[2025-10-28T21:31:50.760] [INFO] info - 输出日志：POST /chatMessage
[2025-10-28T21:41:38.076] [INFO] info - 输出日志：OPTIONS /searchGoods
[2025-10-28T21:41:38.081] [INFO] info - 输出日志：OPTIONS /chatMessage
[2025-10-28T21:41:38.764] [INFO] info - 输出日志：POST /searchGoods
[2025-10-28T21:41:40.983] [INFO] info - 输出日志：POST /chatMessage
[2025-10-28T21:41:41.864] [INFO] info - 输出日志：OPTIONS /searchGoods
[2025-10-28T21:41:41.867] [INFO] info - 输出日志：OPTIONS /chatMessage
[2025-10-28T21:41:42.244] [INFO] info - 输出日志：POST /searchGoods
[2025-10-28T21:41:44.140] [INFO] info - 输出日志：POST /chatMessage
[2025-10-28T21:41:46.209] [INFO] info - 输出日志：OPTIONS /searchGoods
[2025-10-28T21:41:46.210] [INFO] info - 输出日志：OPTIONS /chatMessage
[2025-10-28T21:41:46.928] [INFO] info - 输出日志：POST /searchGoods
[2025-10-28T21:41:47.246] [INFO] info - 输出日志：POST /chatMessage
[2025-10-28T21:41:50.793] [INFO] info - 输出日志：OPTIONS /searchGoods
[2025-10-28T21:41:50.794] [INFO] info - 输出日志：OPTIONS /chatMessage
[2025-10-28T21:41:51.201] [INFO] info - 输出日志：POST /searchGoods
[2025-10-28T21:41:55.618] [INFO] info - 输出日志：POST /chatMessage
[2025-10-28T21:41:58.613] [INFO] info - 输出日志：POST /uploadFile
[2025-10-28T21:41:58.621] [INFO] info - 输出日志：GET /images/1761658918611.jpg
[2025-10-28T21:42:03.397] [INFO] info - 输出日志：OPTIONS /searchGoods
[2025-10-28T21:42:03.398] [INFO] info - 输出日志：OPTIONS /chatMessage
[2025-10-28T21:42:03.406] [INFO] info - 输出日志：GET /images/1761658918611.jpg
[2025-10-28T21:42:03.935] [INFO] info - 输出日志：POST /searchGoods
[2025-10-28T21:42:10.810] [INFO] info - 输出日志：OPTIONS /searchGoods
[2025-10-28T21:42:10.811] [INFO] info - 输出日志：OPTIONS /chatMessage
[2025-10-28T21:42:11.229] [INFO] info - 输出日志：POST /searchGoods
[2025-10-28T21:42:30.580] [INFO] info - 输出日志：GET /goodsDetail?goodsId=68dbbc6fda935521ff2ec369
[2025-10-28T21:42:33.571] [INFO] info - 输出日志：POST /chatMessage
[2025-10-28T21:42:34.747] [INFO] info - 输出日志：GET /goodsDetail?goodsId=68dbbc6fda935521ff2ec376
[2025-10-28T21:42:44.456] [INFO] info - 输出日志：OPTIONS /searchGoods
[2025-10-28T21:42:44.457] [INFO] info - 输出日志：OPTIONS /chatMessage
[2025-10-28T21:42:44.947] [INFO] info - 输出日志：POST /searchGoods
[2025-10-28T21:42:48.275] [INFO] info - 输出日志：POST /chatMessage
[2025-10-28T21:43:15.271] [INFO] info - 输出日志：OPTIONS /searchGoods
[2025-10-28T21:43:15.273] [INFO] info - 输出日志：OPTIONS /chatMessage
[2025-10-28T21:43:15.908] [INFO] info - 输出日志：POST /searchGoods
[2025-10-28T21:43:16.450] [INFO] info - 输出日志：POST /chatMessage
[2025-10-28T21:43:23.984] [INFO] info - 输出日志：OPTIONS /searchGoods
[2025-10-28T21:43:23.985] [INFO] info - 输出日志：OPTIONS /chatMessage
[2025-10-28T21:43:24.405] [INFO] info - 输出日志：POST /searchGoods
[2025-10-28T21:43:28.628] [INFO] info - 输出日志：POST /chatMessage
[2025-10-28T21:43:39.050] [INFO] info - 输出日志：OPTIONS /searchGoods
[2025-10-28T21:43:39.052] [INFO] info - 输出日志：OPTIONS /chatMessage
[2025-10-28T21:43:40.064] [INFO] info - 输出日志：POST /chatMessage
[2025-10-28T21:43:40.583] [INFO] info - 输出日志：POST /searchGoods
[2025-10-28T21:46:07.995] [INFO] info - 输出日志：OPTIONS /searchGoods
[2025-10-28T21:46:08.000] [INFO] info - 输出日志：OPTIONS /chatMessage
[2025-10-28T21:46:08.728] [INFO] info - 输出日志：POST /searchGoods
[2025-10-28T21:46:11.629] [INFO] info - 输出日志：POST /chatMessage
[2025-10-28T21:46:14.252] [INFO] info - 输出日志：OPTIONS /searchGoods
[2025-10-28T21:46:14.254] [INFO] info - 输出日志：OPTIONS /chatMessage
[2025-10-28T21:46:15.275] [INFO] info - 输出日志：POST /chatMessage
[2025-10-28T21:46:15.644] [INFO] info - 输出日志：POST /searchGoods
[2025-10-28T21:47:39.804] [INFO] info - 输出日志：OPTIONS /searchGoods
[2025-10-28T21:47:39.807] [INFO] info - 输出日志：OPTIONS /chatMessage
[2025-10-28T21:47:40.276] [INFO] info - 输出日志：POST /searchGoods
[2025-10-28T21:47:40.736] [INFO] info - 输出日志：POST /chatMessage
[2025-10-28T21:48:59.723] [INFO] info - 输出日志：OPTIONS /searchGoods
[2025-10-28T21:48:59.725] [INFO] info - 输出日志：OPTIONS /chatMessage
[2025-10-28T21:49:00.408] [INFO] info - 输出日志：POST /searchGoods
[2025-10-28T21:49:01.134] [INFO] info - 输出日志：POST /chatMessage
[2025-10-28T21:53:38.381] [INFO] info - 输出日志：OPTIONS /searchGoods
[2025-10-28T21:53:38.382] [INFO] info - 输出日志：OPTIONS /chatMessage
[2025-10-28T21:53:38.817] [INFO] info - 输出日志：POST /searchGoods
[2025-10-28T21:53:40.219] [INFO] info - 输出日志：POST /chatMessage
[2025-10-28T21:53:45.225] [INFO] info - 输出日志：OPTIONS /searchGoods
[2025-10-28T21:53:45.227] [INFO] info - 输出日志：OPTIONS /chatMessage
[2025-10-28T21:53:45.693] [INFO] info - 输出日志：POST /searchGoods
[2025-10-28T21:53:46.135] [INFO] info - 输出日志：POST /chatMessage
[2025-10-28T21:54:27.976] [INFO] info - 输出日志：OPTIONS /searchGoods
[2025-10-28T21:54:27.979] [INFO] info - 输出日志：OPTIONS /chatMessage
[2025-10-28T21:54:28.621] [INFO] info - 输出日志：POST /searchGoods
[2025-10-28T21:54:31.797] [INFO] info - 输出日志：OPTIONS /searchGoods
[2025-10-28T21:54:31.798] [INFO] info - 输出日志：OPTIONS /chatMessage
[2025-10-28T21:54:31.854] [INFO] info - 输出日志：POST /chatMessage
[2025-10-28T21:54:32.163] [INFO] info - 输出日志：POST /searchGoods
[2025-10-28T21:54:34.801] [INFO] info - 输出日志：POST /chatMessage
[2025-10-28T21:54:34.909] [INFO] info - 输出日志：OPTIONS /searchGoods
[2025-10-28T21:54:34.910] [INFO] info - 输出日志：OPTIONS /chatMessage
[2025-10-28T21:54:35.617] [INFO] info - 输出日志：POST /searchGoods
[2025-10-28T21:54:36.323] [INFO] info - 输出日志：POST /chatMessage
[2025-10-28T21:54:48.103] [INFO] info - 输出日志：OPTIONS /searchGoods
[2025-10-28T21:54:48.108] [INFO] info - 输出日志：OPTIONS /chatMessage
[2025-10-28T21:54:48.695] [INFO] info - 输出日志：POST /searchGoods
[2025-10-28T21:54:52.502] [INFO] info - 输出日志：POST /chatMessage
[2025-10-28T21:55:04.405] [INFO] info - 输出日志：OPTIONS /searchGoods
[2025-10-28T21:55:04.407] [INFO] info - 输出日志：OPTIONS /chatMessage
[2025-10-28T21:55:04.876] [INFO] info - 输出日志：POST /searchGoods
[2025-10-28T21:55:09.468] [INFO] info - 输出日志：POST /chatMessage
[2025-10-28T21:55:09.471] [INFO] info - 输出日志：OPTIONS /queryTrainTicket
[2025-10-28T21:57:13.941] [INFO] info - 输出日志：OPTIONS /searchGoods
[2025-10-28T21:57:13.946] [INFO] info - 输出日志：OPTIONS /chatMessage
[2025-10-28T21:57:14.851] [INFO] info - 输出日志：POST /searchGoods
[2025-10-28T21:57:16.392] [INFO] info - 输出日志：POST /chatMessage
[2025-10-28T21:57:22.848] [INFO] info - 输出日志：OPTIONS /searchGoods
[2025-10-28T21:57:22.849] [INFO] info - 输出日志：OPTIONS /chatMessage
[2025-10-28T21:57:23.256] [INFO] info - 输出日志：POST /searchGoods
[2025-10-28T21:57:23.866] [INFO] info - 输出日志：POST /chatMessage
[2025-10-28T21:58:01.793] [INFO] info - 输出日志：OPTIONS /searchGoods
[2025-10-28T21:58:01.794] [INFO] info - 输出日志：OPTIONS /chatMessage
[2025-10-28T21:58:02.250] [INFO] info - 输出日志：POST /searchGoods
[2025-10-28T21:58:03.454] [INFO] info - 输出日志：POST /chatMessage
[2025-10-28T21:58:03.457] [INFO] info - 输出日志：OPTIONS /queryTrainTicket
[2025-10-28T22:06:16.356] [INFO] info - 输出日志：OPTIONS /searchGoods
[2025-10-28T22:06:16.360] [INFO] info - 输出日志：OPTIONS /chatMessage
[2025-10-28T22:06:17.030] [INFO] info - 输出日志：POST /searchGoods
[2025-10-28T22:06:19.720] [INFO] info - 输出日志：POST /chatMessage
[2025-10-28T22:06:22.782] [INFO] info - 输出日志：OPTIONS /searchGoods
[2025-10-28T22:06:22.783] [INFO] info - 输出日志：OPTIONS /chatMessage
[2025-10-28T22:06:23.156] [INFO] info - 输出日志：POST /searchGoods
[2025-10-28T22:06:27.545] [INFO] info - 输出日志：POST /chatMessage
[2025-10-28T22:06:32.289] [INFO] info - 输出日志：OPTIONS /searchGoods
[2025-10-28T22:06:32.291] [INFO] info - 输出日志：OPTIONS /chatMessage
[2025-10-28T22:06:32.733] [INFO] info - 输出日志：POST /searchGoods
[2025-10-28T22:06:35.713] [INFO] info - 输出日志：POST /chatMessage
[2025-10-28T22:06:38.101] [INFO] info - 输出日志：OPTIONS /searchGoods
[2025-10-28T22:06:38.102] [INFO] info - 输出日志：OPTIONS /chatMessage
[2025-10-28T22:06:38.456] [INFO] info - 输出日志：POST /searchGoods
[2025-10-28T22:06:39.199] [INFO] info - 输出日志：POST /chatMessage
[2025-10-28T22:06:39.442] [INFO] info - 输出日志：GET /queryWeather?city=%E5%B9%BF%E5%B7%9E%22
[2025-10-28T22:07:01.052] [INFO] info - 输出日志：OPTIONS /searchGoods
[2025-10-28T22:07:01.054] [INFO] info - 输出日志：OPTIONS /chatMessage
[2025-10-28T22:07:01.795] [INFO] info - 输出日志：POST /searchGoods
[2025-10-28T22:07:05.856] [INFO] info - 输出日志：POST /chatMessage
[2025-10-28T22:07:05.860] [INFO] info - 输出日志：OPTIONS /queryTrainTicket
[2025-10-28T22:07:06.689] [INFO] info - 输出日志：POST /queryTrainTicket
[2025-10-28T22:07:29.879] [INFO] info - 输出日志：OPTIONS /searchGoods
[2025-10-28T22:07:29.882] [INFO] info - 输出日志：OPTIONS /chatMessage
[2025-10-28T22:07:30.432] [INFO] info - 输出日志：POST /searchGoods
[2025-10-28T22:07:31.227] [INFO] info - 输出日志：POST /chatMessage
[2025-10-28T22:07:31.430] [INFO] info - 输出日志：GET /queryWeather?city=%E5%B9%BF%E5%B7%9E%E5%B8%82%22
[2025-10-28T22:07:50.601] [INFO] info - 输出日志：OPTIONS /searchGoods
[2025-10-28T22:07:50.604] [INFO] info - 输出日志：OPTIONS /chatMessage
[2025-10-28T22:07:51.403] [INFO] info - 输出日志：POST /searchGoods
[2025-10-28T22:08:19.418] [INFO] info - 输出日志：POST /chatMessage
[2025-10-28T22:08:24.736] [INFO] info - 输出日志：OPTIONS /searchGoods
[2025-10-28T22:08:24.738] [INFO] info - 输出日志：OPTIONS /chatMessage
[2025-10-28T22:08:25.301] [INFO] info - 输出日志：POST /searchGoods
[2025-10-28T22:08:38.502] [INFO] info - 输出日志：POST /chatMessage
[2025-10-28T22:10:12.101] [INFO] info - 输出日志：OPTIONS /searchGoods
[2025-10-28T22:10:12.102] [INFO] info - 输出日志：OPTIONS /chatMessage
[2025-10-28T22:10:12.511] [INFO] info - 输出日志：POST /searchGoods
[2025-10-28T22:10:15.983] [INFO] info - 输出日志：POST /chatMessage
[2025-10-28T22:10:19.191] [INFO] info - 输出日志：OPTIONS /searchGoods
[2025-10-28T22:10:19.192] [INFO] info - 输出日志：OPTIONS /chatMessage
[2025-10-28T22:10:19.711] [INFO] info - 输出日志：POST /searchGoods
[2025-10-28T22:10:48.626] [INFO] info - 输出日志：POST /chatMessage
[2025-10-28T22:16:34.654] [INFO] info - 输出日志：OPTIONS /searchGoods
[2025-10-28T22:16:34.658] [INFO] info - 输出日志：OPTIONS /chatMessage
[2025-10-28T22:16:35.332] [INFO] info - 输出日志：POST /searchGoods
[2025-10-28T22:16:37.103] [INFO] info - 输出日志：POST /chatMessage
[2025-10-28T22:16:40.570] [INFO] info - 输出日志：OPTIONS /searchGoods
[2025-10-28T22:16:40.571] [INFO] info - 输出日志：OPTIONS /chatMessage
[2025-10-28T22:16:41.006] [INFO] info - 输出日志：POST /searchGoods
[2025-10-28T22:16:47.057] [INFO] info - 输出日志：POST /chatMessage
[2025-10-28T22:17:17.805] [INFO] info - 输出日志：OPTIONS /searchGoods
[2025-10-28T22:17:17.808] [INFO] info - 输出日志：OPTIONS /chatMessage
[2025-10-28T22:17:19.125] [INFO] info - 输出日志：POST /searchGoods
[2025-10-28T22:17:26.657] [INFO] info - 输出日志：POST /chatMessage
[2025-10-28T22:17:37.444] [INFO] info - 输出日志：OPTIONS /searchGoods
[2025-10-28T22:17:37.445] [INFO] info - 输出日志：OPTIONS /chatMessage
[2025-10-28T22:17:38.311] [INFO] info - 输出日志：POST /searchGoods
[2025-10-28T22:17:49.444] [INFO] info - 输出日志：POST /chatMessage
[2025-10-28T22:21:12.853] [INFO] info - 输出日志：OPTIONS /searchGoods
[2025-10-28T22:21:12.858] [INFO] info - 输出日志：OPTIONS /chatMessage
[2025-10-28T22:21:13.408] [INFO] info - 输出日志：POST /searchGoods
[2025-10-28T22:21:14.528] [INFO] info - 输出日志：POST /chatMessage
[2025-10-28T22:21:22.406] [INFO] info - 输出日志：OPTIONS /searchGoods
[2025-10-28T22:21:22.408] [INFO] info - 输出日志：OPTIONS /chatMessage
[2025-10-28T22:21:22.811] [INFO] info - 输出日志：POST /searchGoods
[2025-10-28T22:21:23.734] [INFO] info - 输出日志：POST /chatMessage
[2025-10-28T22:21:31.050] [INFO] info - 输出日志：OPTIONS /searchGoods
[2025-10-28T22:21:31.052] [INFO] info - 输出日志：OPTIONS /chatMessage
[2025-10-28T22:21:31.485] [INFO] info - 输出日志：POST /searchGoods
[2025-10-28T22:21:32.372] [INFO] info - 输出日志：POST /chatMessage
[2025-10-28T22:21:34.329] [INFO] info - 输出日志：OPTIONS /searchGoods
[2025-10-28T22:21:34.331] [INFO] info - 输出日志：OPTIONS /chatMessage
[2025-10-28T22:21:34.791] [INFO] info - 输出日志：POST /searchGoods
[2025-10-28T22:21:35.641] [INFO] info - 输出日志：POST /chatMessage
[2025-10-28T22:21:35.880] [INFO] info - 输出日志：GET /queryWeather?city=%E5%B9%BF%E5%B7%9E%22
[2025-10-28T22:21:55.120] [INFO] info - 输出日志：OPTIONS /searchGoods
[2025-10-28T22:21:55.121] [INFO] info - 输出日志：OPTIONS /chatMessage
[2025-10-28T22:21:55.547] [INFO] info - 输出日志：POST /searchGoods
[2025-10-28T22:21:56.060] [INFO] info - 输出日志：POST /chatMessage
[2025-10-28T22:21:56.063] [INFO] info - 输出日志：OPTIONS /queryTrainTicket
[2025-10-28T22:21:56.601] [INFO] info - 输出日志：POST /queryTrainTicket
[2025-10-28T22:22:17.798] [INFO] info - 输出日志：OPTIONS /searchGoods
[2025-10-28T22:22:17.803] [INFO] info - 输出日志：OPTIONS /chatMessage
[2025-10-28T22:22:18.570] [INFO] info - 输出日志：POST /searchGoods
[2025-10-28T22:22:25.311] [INFO] info - 输出日志：POST /chatMessage
[2025-10-28T22:45:07.392] [INFO] info - 输出日志：OPTIONS /searchGoods
[2025-10-28T22:45:07.402] [INFO] info - 输出日志：OPTIONS /chatMessage
[2025-10-28T22:45:09.131] [INFO] info - 输出日志：POST /searchGoods
[2025-10-28T22:45:09.136] [INFO] info - 输出日志：POST /chatMessage
[2025-10-28T22:45:14.150] [INFO] info - 输出日志：OPTIONS /searchGoods
[2025-10-28T22:45:14.152] [INFO] info - 输出日志：OPTIONS /chatMessage
[2025-10-28T22:45:14.678] [INFO] info - 输出日志：POST /searchGoods
[2025-10-28T22:45:15.528] [INFO] info - 输出日志：POST /chatMessage
[2025-10-28T22:45:18.797] [INFO] info - 输出日志：OPTIONS /searchGoods
[2025-10-28T22:45:18.800] [INFO] info - 输出日志：OPTIONS /chatMessage
[2025-10-28T22:45:19.186] [INFO] info - 输出日志：POST /searchGoods
[2025-10-28T22:45:20.393] [INFO] info - 输出日志：POST /chatMessage
[2025-10-28T22:45:24.613] [INFO] info - 输出日志：OPTIONS /searchGoods
[2025-10-28T22:45:24.614] [INFO] info - 输出日志：OPTIONS /chatMessage
[2025-10-28T22:45:25.238] [INFO] info - 输出日志：POST /searchGoods
[2025-10-28T22:45:25.292] [INFO] info - 输出日志：POST /chatMessage
[2025-10-28T22:45:25.547] [INFO] info - 输出日志：GET /queryWeather?city=%E5%B9%BF%E5%B7%9E%22
[2025-10-29T10:48:47.869] [INFO] info - 输出日志：OPTIONS /searchGoods
[2025-10-29T10:48:47.872] [INFO] info - 输出日志：OPTIONS /chatMessage
[2025-10-29T10:48:55.898] [INFO] info - 输出日志：OPTIONS /searchGoods
[2025-10-29T10:48:55.899] [INFO] info - 输出日志：OPTIONS /chatMessage
[2025-10-29T10:49:47.332] [INFO] info - 输出日志：OPTIONS /searchGoods
[2025-10-29T10:49:47.336] [INFO] info - 输出日志：OPTIONS /chatMessage
[2025-10-29T10:54:20.798] [INFO] info - 输出日志：OPTIONS /searchGoods
[2025-10-29T10:54:20.800] [INFO] info - 输出日志：OPTIONS /chatMessage
[2025-10-29T10:54:35.545] [INFO] info - 输出日志：POST /uploadFile
[2025-10-29T10:54:35.557] [INFO] info - 输出日志：GET /images/1761706475536.jpg
[2025-10-29T12:55:28.825] [INFO] info - 输出日志：OPTIONS /searchGoods
[2025-10-29T12:55:28.828] [INFO] info - 输出日志：OPTIONS /chatMessage
[2025-10-29T13:17:58.044] [INFO] info - 输出日志：OPTIONS /searchGoods
[2025-10-29T13:17:58.049] [INFO] info - 输出日志：OPTIONS /chatMessage
[2025-10-29T13:18:07.509] [INFO] info - 输出日志：OPTIONS /searchGoods
[2025-10-29T13:18:07.510] [INFO] info - 输出日志：OPTIONS /chatMessage
[2025-10-29T13:19:38.545] [INFO] info - 输出日志：OPTIONS /searchGoods
[2025-10-29T13:19:38.550] [INFO] info - 输出日志：OPTIONS /chatMessage
[2025-10-29T13:19:39.211] [INFO] info - 输出日志：POST /searchGoods
[2025-10-29T13:19:40.565] [INFO] info - 输出日志：POST /chatMessage
[2025-10-29T13:19:45.295] [INFO] info - 输出日志：OPTIONS /searchGoods
[2025-10-29T13:19:45.297] [INFO] info - 输出日志：OPTIONS /chatMessage
[2025-10-29T13:19:45.891] [INFO] info - 输出日志：POST /searchGoods
[2025-10-29T13:19:46.537] [INFO] info - 输出日志：POST /chatMessage
[2025-10-29T13:19:50.221] [INFO] info - 输出日志：OPTIONS /searchGoods
[2025-10-29T13:19:50.222] [INFO] info - 输出日志：OPTIONS /chatMessage
[2025-10-29T13:19:51.062] [INFO] info - 输出日志：POST /searchGoods
[2025-10-29T13:19:51.128] [INFO] info - 输出日志：POST /chatMessage
[2025-10-29T13:20:14.677] [INFO] info - 输出日志：OPTIONS /searchGoods
[2025-10-29T13:20:14.678] [INFO] info - 输出日志：OPTIONS /chatMessage
[2025-10-29T13:20:15.230] [INFO] info - 输出日志：POST /searchGoods
[2025-10-29T13:20:18.035] [INFO] info - 输出日志：POST /chatMessage
[2025-10-29T13:20:19.727] [INFO] info - 输出日志：OPTIONS /searchGoods
[2025-10-29T13:20:19.729] [INFO] info - 输出日志：OPTIONS /chatMessage
[2025-10-29T13:20:20.372] [INFO] info - 输出日志：POST /searchGoods
[2025-10-29T13:20:20.835] [INFO] info - 输出日志：POST /chatMessage
[2025-10-29T13:20:25.679] [INFO] info - 输出日志：OPTIONS /searchGoods
[2025-10-29T13:20:25.680] [INFO] info - 输出日志：OPTIONS /chatMessage
[2025-10-29T13:20:26.111] [INFO] info - 输出日志：POST /searchGoods
[2025-10-29T13:20:26.247] [INFO] info - 输出日志：POST /chatMessage
[2025-10-29T13:20:38.211] [INFO] info - 输出日志：OPTIONS /searchGoods
[2025-10-29T13:20:38.212] [INFO] info - 输出日志：OPTIONS /chatMessage
[2025-10-29T13:20:38.851] [INFO] info - 输出日志：POST /searchGoods
[2025-10-29T13:20:39.049] [INFO] info - 输出日志：POST /chatMessage
[2025-10-29T13:24:52.986] [INFO] info - 输出日志：OPTIONS /searchGoods
[2025-10-29T13:24:52.987] [INFO] info - 输出日志：OPTIONS /chatMessage
[2025-10-29T13:24:53.468] [INFO] info - 输出日志：POST /searchGoods
[2025-10-29T13:24:54.272] [INFO] info - 输出日志：POST /chatMessage
[2025-10-29T13:24:55.273] [INFO] info - 输出日志：OPTIONS /searchGoods
[2025-10-29T13:24:55.274] [INFO] info - 输出日志：OPTIONS /chatMessage
[2025-10-29T13:24:55.572] [INFO] info - 输出日志：POST /searchGoods
[2025-10-29T13:24:56.207] [INFO] info - 输出日志：POST /chatMessage
[2025-10-29T13:24:58.295] [INFO] info - 输出日志：OPTIONS /searchGoods
[2025-10-29T13:24:58.296] [INFO] info - 输出日志：OPTIONS /chatMessage
[2025-10-29T13:24:58.701] [INFO] info - 输出日志：POST /searchGoods
[2025-10-29T13:24:58.793] [INFO] info - 输出日志：POST /chatMessage
[2025-10-29T13:25:11.961] [INFO] info - 输出日志：GET /favicon.ico
[2025-10-29T13:25:43.211] [INFO] info - 输出日志：OPTIONS /searchGoods
[2025-10-29T13:25:43.211] [INFO] info - 输出日志：OPTIONS /chatMessage
[2025-10-29T13:25:43.684] [INFO] info - 输出日志：POST /searchGoods
[2025-10-29T13:25:44.755] [INFO] info - 输出日志：POST /chatMessage
[2025-10-29T13:25:57.919] [INFO] info - 输出日志：OPTIONS /searchGoods
[2025-10-29T13:25:57.919] [INFO] info - 输出日志：OPTIONS /chatMessage
[2025-10-29T13:25:58.353] [INFO] info - 输出日志：POST /searchGoods
[2025-10-29T13:25:59.250] [INFO] info - 输出日志：POST /chatMessage
[2025-10-29T13:25:59.254] [INFO] info - 输出日志：OPTIONS /queryTrainTicket
[2025-10-29T13:26:08.365] [INFO] info - 输出日志：GET /queryTrainTicket
[2025-10-29T13:40:25.500] [INFO] info - 输出日志：OPTIONS /searchGoods
[2025-10-29T13:40:25.503] [INFO] info - 输出日志：OPTIONS /chatMessage
[2025-10-29T13:40:26.234] [INFO] info - 输出日志：POST /searchGoods
[2025-10-29T13:40:27.532] [INFO] info - 输出日志：POST /chatMessage
[2025-10-29T13:40:28.487] [INFO] info - 输出日志：OPTIONS /searchGoods
[2025-10-29T13:40:28.489] [INFO] info - 输出日志：OPTIONS /chatMessage
[2025-10-29T13:40:28.810] [INFO] info - 输出日志：POST /searchGoods
[2025-10-29T13:40:29.392] [INFO] info - 输出日志：POST /chatMessage
[2025-10-29T13:40:30.807] [INFO] info - 输出日志：OPTIONS /searchGoods
[2025-10-29T13:40:30.808] [INFO] info - 输出日志：OPTIONS /chatMessage
[2025-10-29T13:40:31.206] [INFO] info - 输出日志：POST /searchGoods
[2025-10-29T13:40:31.335] [INFO] info - 输出日志：POST /chatMessage
[2025-10-29T13:40:31.572] [INFO] info - 输出日志：GET /queryWeather?city=%E5%B9%BF%E5%B7%9E%22
[2025-10-29T13:50:36.303] [INFO] info - 输出日志：OPTIONS /searchGoods
[2025-10-29T13:50:36.304] [INFO] info - 输出日志：OPTIONS /chatMessage
[2025-10-29T13:50:37.196] [INFO] info - 输出日志：POST /searchGoods
[2025-10-29T13:50:51.597] [INFO] info - 输出日志：POST /chatMessage
[2025-10-29T13:50:52.378] [INFO] info - 输出日志：OPTIONS /searchGoods
[2025-10-29T13:50:52.379] [INFO] info - 输出日志：OPTIONS /chatMessage
[2025-10-29T13:50:52.863] [INFO] info - 输出日志：POST /searchGoods
[2025-10-29T13:50:58.279] [INFO] info - 输出日志：POST /chatMessage
[2025-10-29T13:52:33.604] [INFO] info - 输出日志：OPTIONS /searchGoods
[2025-10-29T13:52:33.607] [INFO] info - 输出日志：OPTIONS /chatMessage
[2025-10-29T13:52:42.224] [INFO] info - 输出日志：OPTIONS /searchGoods
[2025-10-29T13:52:42.227] [INFO] info - 输出日志：OPTIONS /chatMessage
[2025-10-29T14:00:01.972] [INFO] info - 输出日志：OPTIONS /searchGoods
[2025-10-29T14:00:01.980] [INFO] info - 输出日志：OPTIONS /chatMessage
[2025-10-29T14:00:02.837] [INFO] info - 输出日志：POST /searchGoods
[2025-10-29T14:00:03.796] [INFO] info - 输出日志：POST /chatMessage
[2025-10-29T14:00:07.545] [INFO] info - 输出日志：OPTIONS /searchGoods
[2025-10-29T14:00:07.547] [INFO] info - 输出日志：OPTIONS /chatMessage
[2025-10-29T14:00:07.992] [INFO] info - 输出日志：POST /searchGoods
[2025-10-29T14:00:08.668] [INFO] info - 输出日志：POST /chatMessage
[2025-10-29T14:00:53.859] [INFO] info - 输出日志：OPTIONS /searchGoods
[2025-10-29T14:00:54.258] [INFO] info - 输出日志：OPTIONS /chatMessage
[2025-10-29T14:02:52.653] [INFO] info - 输出日志：OPTIONS /searchGoods
[2025-10-29T14:02:52.660] [INFO] info - 输出日志：OPTIONS /chatMessage
[2025-10-29T14:02:53.445] [INFO] info - 输出日志：POST /searchGoods
[2025-10-29T14:02:56.524] [INFO] info - 输出日志：POST /chatMessage
[2025-10-29T16:09:42.939] [INFO] info - 输出日志：OPTIONS /searchGoods
[2025-10-29T16:09:42.944] [INFO] info - 输出日志：OPTIONS /chatMessage
[2025-10-29T16:09:44.659] [INFO] info - 输出日志：POST /searchGoods
[2025-10-29T16:09:46.251] [INFO] info - 输出日志：POST /chatMessage
[2025-10-29T16:12:30.592] [INFO] info - 输出日志：OPTIONS /searchGoods
[2025-10-29T16:12:30.593] [INFO] info - 输出日志：OPTIONS /chatMessage
[2025-10-29T16:12:31.711] [INFO] info - 输出日志：POST /searchGoods
[2025-10-29T16:12:32.770] [INFO] info - 输出日志：POST /chatMessage
[2025-10-31T10:53:54.598] [INFO] info - 输出日志：OPTIONS /searchGoods
[2025-10-31T10:53:54.603] [INFO] info - 输出日志：OPTIONS /chatMessage
[2025-10-31T10:53:55.591] [INFO] info - 输出日志：POST /searchGoods
[2025-10-31T10:53:57.135] [INFO] info - 输出日志：POST /chatMessage
[2025-10-31T10:54:16.140] [INFO] info - 输出日志：OPTIONS /searchGoods
[2025-10-31T10:54:16.142] [INFO] info - 输出日志：OPTIONS /chatMessage
[2025-10-31T10:54:16.800] [INFO] info - 输出日志：POST /searchGoods
[2025-10-31T10:54:17.669] [INFO] info - 输出日志：POST /chatMessage
[2025-10-31T10:54:19.406] [INFO] info - 输出日志：OPTIONS /searchGoods
[2025-10-31T10:54:19.409] [INFO] info - 输出日志：OPTIONS /chatMessage
[2025-10-31T10:54:19.737] [INFO] info - 输出日志：POST /searchGoods
[2025-10-31T10:54:20.449] [INFO] info - 输出日志：POST /chatMessage
[2025-10-31T10:54:25.632] [INFO] info - 输出日志：OPTIONS /searchGoods
[2025-10-31T10:54:25.633] [INFO] info - 输出日志：OPTIONS /chatMessage
[2025-10-31T10:54:26.082] [INFO] info - 输出日志：POST /searchGoods
[2025-10-31T10:54:26.605] [INFO] info - 输出日志：POST /chatMessage
[2025-10-31T10:54:26.864] [INFO] info - 输出日志：GET /queryWeather?city=%E5%B9%BF%E5%B7%9E%22
[2025-10-31T10:54:39.974] [INFO] info - 输出日志：OPTIONS /searchGoods
[2025-10-31T10:54:39.976] [INFO] info - 输出日志：OPTIONS /chatMessage
[2025-10-31T10:54:40.917] [INFO] info - 输出日志：POST /searchGoods
[2025-10-31T10:55:00.983] [INFO] info - 输出日志：POST /chatMessage
[2025-11-03T21:10:34.599] [INFO] info - 输出日志：OPTIONS /searchGoods
[2025-11-03T21:10:34.606] [INFO] info - 输出日志：OPTIONS /chatMessage
[2025-11-03T21:10:37.758] [INFO] info - 输出日志：POST /searchGoods
[2025-11-03T21:10:39.273] [INFO] info - 输出日志：POST /chatMessage
[2025-11-03T21:11:39.321] [INFO] info - 输出日志：OPTIONS /searchGoods
[2025-11-03T21:11:39.322] [INFO] info - 输出日志：OPTIONS /chatMessage
[2025-11-03T21:11:39.759] [INFO] info - 输出日志：POST /searchGoods
[2025-11-03T21:11:41.038] [INFO] info - 输出日志：POST /chatMessage
[2025-11-03T21:11:42.373] [INFO] info - 输出日志：OPTIONS /searchGoods
[2025-11-03T21:11:42.376] [INFO] info - 输出日志：OPTIONS /chatMessage
[2025-11-03T21:11:42.717] [INFO] info - 输出日志：POST /searchGoods
[2025-11-03T21:11:43.052] [INFO] info - 输出日志：POST /chatMessage
[2025-11-03T21:11:43.307] [INFO] info - 输出日志：GET /queryWeather?city=%E5%B9%BF%E5%B7%9E%22
[2025-11-03T21:12:29.807] [INFO] info - 输出日志：OPTIONS /searchGoods
[2025-11-03T21:12:29.808] [INFO] info - 输出日志：OPTIONS /chatMessage
[2025-11-03T21:12:30.317] [INFO] info - 输出日志：POST /searchGoods
[2025-11-03T21:12:39.742] [INFO] info - 输出日志：POST /chatMessage
[2025-11-03T21:13:39.675] [INFO] info - 输出日志：GET /goodsDetail?goodsId=68dbbc6fda935521ff2ec368
[2025-11-03T21:32:49.592] [INFO] info - 输出日志：OPTIONS /searchGoods
[2025-11-03T21:32:49.597] [INFO] info - 输出日志：OPTIONS /chatMessage
[2025-11-03T21:32:50.112] [INFO] info - 输出日志：POST /searchGoods
[2025-11-03T21:32:50.323] [INFO] info - 输出日志：POST /chatMessage
[2025-11-03T21:32:50.583] [INFO] info - 输出日志：GET /queryWeather?city=%E5%B9%BF%E5%B7%9E%22
[2025-11-03T21:33:04.330] [INFO] info - 输出日志：OPTIONS /searchGoods
[2025-11-03T21:33:04.331] [INFO] info - 输出日志：OPTIONS /chatMessage
[2025-11-03T21:33:04.887] [INFO] info - 输出日志：POST /chatMessage
[2025-11-03T21:33:04.901] [INFO] info - 输出日志：POST /searchGoods
[2025-11-03T21:33:05.103] [INFO] info - 输出日志：GET /queryWeather?city=%E5%B9%BF%E5%B7%9E%22
[2025-11-03T21:33:15.897] [INFO] info - 输出日志：OPTIONS /searchGoods
[2025-11-03T21:33:15.898] [INFO] info - 输出日志：OPTIONS /chatMessage
[2025-11-03T21:33:16.421] [INFO] info - 输出日志：POST /searchGoods
[2025-11-03T21:33:16.614] [INFO] info - 输出日志：POST /chatMessage
[2025-11-03T21:33:16.815] [INFO] info - 输出日志：GET /queryWeather?city=%E5%B9%BF%E5%B7%9E%22
[2025-11-24T22:54:37.553] [INFO] info - 输出日志：OPTIONS /searchGoods
[2025-11-24T22:54:37.560] [INFO] info - 输出日志：OPTIONS /chatMessage
[2025-11-24T22:55:09.359] [INFO] info - 输出日志：OPTIONS /searchGoods
[2025-11-24T22:55:09.360] [INFO] info - 输出日志：OPTIONS /chatMessage
